I'm sorry, but errors were detected in your script. Please correct the
errors listed below, and try again.


File "game/screens.rpy", line 970: vbox expects a non-empty block.
    vbox:
         ^

Ren'Py Version: Ren'Py 7.4.11.2266
Mon May  9 10:39:27 2022
